// Jest Snapshot v1, https://goo.gl/fbAQLP

exports[`FullscreenError should render 1`] = `
<PublicPage
  className="fullscreenError"
  contentInCenter={true}
  hideLanguageSelector={true}
  hideLogo={false}
  hidePrivacyPolicy={true}
  hideTermOfUse={true}
>
  <div
    className="fullscreenError__content"
  >
    <h1
      className="fullscreenError__title"
    >
      Test title
    </h1>
    <p
      className="fullscreenError__message"
    >
      Test message
    </p>
    <div
      className="fullscreenError__image"
    >
      <img
        alt=""
        src="ctError.png"
      />
    </div>
  </div>
</PublicPage>
`;
